// Jest Snapshot v1, https://goo.gl/fbAQLP

exports[`Test Auth Webapp entry should display Button with default value 1`] = `
<button
  class="open-proj-txt- open-proj-btn-"
  type="button"
>
  Click Me
</button>
`;
